


Running 5 tests using 5 workers

[1A[2K[1/5] [chromium] ÔÇ║ tests\e2e\products.spec.ts:18:7 ÔÇ║ Product Catalog and Inquiry System ÔÇ║ filters products by category via URL parameter
[1A[2K[2/5] [chromium] ÔÇ║ tests\e2e\products.spec.ts:45:7 ÔÇ║ Product Catalog and Inquiry System ÔÇ║ auto-fills the inquiry form from the product detail page
[1A[2K[3/5] [chromium] ÔÇ║ tests\e2e\products.spec.ts:59:7 ÔÇ║ Product Catalog and Inquiry System ÔÇ║ auto-fills the inquiry form directly from the product grid
[1A[2K[4/5] [chromium] ÔÇ║ tests\e2e\products.spec.ts:28:7 ÔÇ║ Product Catalog and Inquiry System ÔÇ║ navigates to the product detail page
[1A[2K[5/5] [chromium] ÔÇ║ tests\e2e\products.spec.ts:4:7 ÔÇ║ Product Catalog and Inquiry System ÔÇ║ displays the product grid on /products

[1A[2K  1) [chromium] ÔÇ║ tests\e2e\products.spec.ts:4:7 ÔÇ║ Product Catalog and Inquiry System ÔÇ║ displays the product grid on /products 

    Error: [2mexpect([22m[31mlocator[39m[2m).[22mtoBeVisible[2m([22m[2m)[22m failed

    Locator:  locator('text=Spill Kits').first()
    Expected: visible
    Received: hidden
    Timeout:  5000ms

    Call log:
    [2m  - Expect "toBeVisible" with timeout 5000ms[22m
    [2m  - waiting for locator('text=Spill Kits').first()[22m
    [2m    9 ├ù locator resolved to <a href="/products?category=Spill Kits" class="block px-5 py-3 text-sm normal-case border-b border-gray-50 last:border-none hover:bg-gray-50 hover:text-primary transition-colors text-foreground">Spill Kits</a>[22m
    [2m      - unexpected value "hidden"[22m


      13 |     
      14 |     // Check category label exists
    > 15 |     await expect(page.locator('text=Spill Kits').first()).toBeVisible();
         |                                                           ^
      16 |   });
      17 |
      18 |   test('filters products by category via URL parameter', async ({ page }) => {
        at C:\Users\austi\OneDrive\Desktop\sssk\Spill-Response-Company-Website\tests\e2e\products.spec.ts:15:59

    Error Context: test-results\products-Product-Catalog-a-a79d6-he-product-grid-on-products-chromium\error-context.md


[1A[2K  1 failed
    [chromium] ÔÇ║ tests\e2e\products.spec.ts:4:7 ÔÇ║ Product Catalog and Inquiry System ÔÇ║ displays the product grid on /products 
  4 passed (21.6s)

[36m  Serving HTML report at http://localhost:9323. Press Ctrl+C to quit.[39m
